// Jest Snapshot v1, https://goo.gl/fbAQLP

exports[`render Loader Component Tests the SnapShot 1`] = `undefined`;
