// Jest Snapshot v1, https://goo.gl/fbAQLP

exports[`Testing Pnf404 Component Should check the snapShot 1`] = `ShallowWrapper {}`;
