// Jest Snapshot v1, https://goo.gl/fbAQLP

exports[`Test the StatListItem Component Tests the SnapShot 1`] = `ShallowWrapper {}`;
